// Jest Snapshot v1, https://goo.gl/fbAQLP

exports[`render correctly map 1`] = `
<div
  id="map"
  style={
    Object {
      "height": "948px",
    }
  }
/>
`;
